<html>
<body>
<pre>
<h1>µVision Build Log</h1>
<h2>Tool Versions:</h2>
IDE-Version: ¦ÌVision V5.23.0.0
Copyright (C) 2017 ARM Ltd and ARM Germany GmbH. All rights reserved.
License Information: 1 admin, 1, LIC=FYKYW-QU6MP-01DP1-CJ2Z1-BNK06-R3AQX
 
Tool Versions:
Toolchain:       MDK-ARM Plus  Version: 5.23
Toolchain Path:  D:\Application\Keil_v5\ARM\ARMCC\Bin
C Compiler:      Armcc.exe V5.06 update 4 (build 422)
Assembler:       Armasm.exe V5.06 update 4 (build 422)
Linker/Locator:  ArmLink.exe V5.06 update 4 (build 422)
Library Manager: ArmAr.exe V5.06 update 4 (build 422)
Hex Converter:   FromElf.exe V5.06 update 4 (build 422)
CPU DLL:         SARMCM3.DLL V5.23
Dialog DLL:      DARMCM1.DLL V1.17.0.0
Target DLL:      Segger\JL2CM3.dll V2.99.23.0
Dialog DLL:      TARMCM1.DLL V1.12.0.0
 
<h2>Project:</h2>
D:\MyFile\YJQ\DC721H(002)\Ô´Âë\V1.0\example\MDK\HC32F002.uvprojx
Project File Date:  01/13/2025

<h2>Output:</h2>
*** Using Compiler 'V5.06 update 4 (build 422)', folder: 'D:\Application\Keil_v5\ARM\ARMCC\Bin'
Rebuild target 'HC32F002_Release'
assembling startup_hc32f002.s...
compiling system_hc32f002.c...
compiling gpio.c...
compiling flash.c...
compiling adc.c...
compiling ddl.c...
compiling gtim.c...
compiling ctrim.c...
compiling i2c.c...
compiling atim3.c...
compiling btim.c...
compiling interrupts_hc32f002.c...
compiling iwdt.c...
compiling lpm.c...
compiling lpuart.c...
compiling lvd.c...
compiling spi.c...
compiling sysctrl.c...
compiling wwdt.c...
compiling User_System.c...
compiling User_Timer.c...
compiling User_Iwdt.c...
compiling User_CRC.c...
compiling User_Flash.c...
compiling User_Button.c...
compiling User_RF433.c...
compiling User_BeepLed.c...
compiling User_Light.c...
compiling User_MOT.c...
compiling main.c...
linking...
Program Size: Code=9556 RO-data=280 RW-data=76 ZI-data=1380  
FromELF: creating hex file...
".\output\release\DC721H_V10.axf" - 0 Error(s), 0 Warning(s).

<h2>Software Packages used:</h2>

Package Vendor: ARM
                http://www.keil.com/pack/ARM.CMSIS.5.6.0.pack
                ARM::CMSIS:CORE:5.3.0
                CMSIS (Cortex Microcontroller Software Interface Standard)
   * Component: CORE Version: 5.3.0

<h2>Collection of Component include folders:</h2>
  .\RTE\_HC32F002_Release
  D:\Application\Keil_v5\ARM\PACK\ARM\CMSIS\5.6.0\CMSIS\Core\Include
  D:\Application\Keil_v5\ARM\PACK\HDSC\HC32F002\1.0.0\Device\Include

<h2>Collection of Component Files used:</h2>

   * Component: ARM::CMSIS:CORE:5.3.0
Build Time Elapsed:  00:00:08
</pre>
</body>
</html>
